// Jest Snapshot v1, https://goo.gl/fbAQLP

exports[`ImagePreview basic usage 1`] = `<div />`;

exports[`ImagePreview designate start position 1`] = `<div />`;

exports[`ImagePreview show close icon 1`] = `<div />`;

exports[`ImagePreview show indicators 1`] = `<div />`;
