// Jest Snapshot v1, https://goo.gl/fbAQLP

exports[`Overlay should render default slot correctly 1`] = `
<div
  class="rc-overlay"
  style="animation-duration: 300ms;"
>
  Custom Default
</div>
`;
