// Jest Snapshot v1, https://goo.gl/fbAQLP

exports[`Divider should render correctly 1`] = `
<div>
  <div
    class="rc-divider rc-divider--hairline"
    role="separator"
  />
</div>
`;
