// Jest Snapshot v1, https://goo.gl/fbAQLP

exports[`ConfigProvider when using themeVars prop 1`] = `
<div>
  <div
    style="--rc-color: red;"
  >
    <i
      class="rc-badge__wrapper van-icon van-icon-success"
    />
  </div>
</div>
`;
