// Jest Snapshot v1, https://goo.gl/fbAQLP

exports[`Cascader should render option correctly when using defaultValue prop 1`] = `
<div
  class="rc-cascader"
>
  <div
    class="rc-cascader__header"
  >
    <h2
      class="rc-cascader__title"
    />
    <i
      class="rc-badge__wrapper rc-cascader__close-icon van-icon van-icon-cross"
    />
  </div>
  <div
    class="rc-cascader__tabs rc-tabs rc-tabs--line"
  >
    <div
      class="rc-tabs__wrap rc-tabs__wrap--scrollable"
    >
      <div
        class="rc-tabs__nav rc-tabs__nav--line rc-tabs__nav--complete"
        role="tablist"
      >
        <div
          aria-selected="true"
          class="rc-tab rc-tab--active rc-cascader__tab"
        >
          <span
            class="rc-tab__text"
          >
            浙江省
          </span>
        </div>
        <div
          class="rc-tabs__line"
        />
      </div>
    </div>
    <div
      class="rc-tabs__content rc-tabs__content--animated"
    >
      <div
        class="rc-tabs__track rc-swiper"
        style="--rc-swipe-slide-size: 100%; --rc-swipe-track-offset: 0%;"
      >
        <div
          class="rc-swiper__track rc-swiper__track--allow-touch-move"
        >
          <div
            class="rc-swiper__track-inner"
          >
            <div
              class="rc-swiper__slide"
              style="left: -0%; transform: none;"
            >
              <div
                class="rc-tabs__pane-wrapper rc-swiper-item"
              >
                <div
                  class="rc-tab__pane"
                >
                  <ul
                    class="rc-cascader__options"
                  >
                    <li
                      class="rc-cascader__option rc-cascader__option--selected"
                    >
                      <span>
                        浙江省
                      </span>
                      <i
                        class="rc-badge__wrapper rc-cascader__selected-icon van-icon van-icon-success"
                      />
                    </li>
                    <li
                      class="rc-cascader__option"
                    >
                      <span>
                        江苏省
                      </span>
                    </li>
                  </ul>
                </div>
              </div>
            </div>
          </div>
        </div>
      </div>
    </div>
  </div>
</div>
`;

exports[`Cascader should render title slot correctly 1`] = `
<h2
  class="rc-cascader__title"
>
  Custom Title
</h2>
`;

exports[`Cascader when value change 1`] = `
<div
  class="rc-cascader"
>
  <div
    class="rc-cascader__header"
  >
    <h2
      class="rc-cascader__title"
    />
    <i
      class="rc-badge__wrapper rc-cascader__close-icon van-icon van-icon-cross"
    />
  </div>
</div>
`;
